// Jest Snapshot v1, https://goo.gl/fbAQLP

exports[`CalendarBoard Component should render correctly 1`] = `ShallowWrapper {}`;

exports[`DayComponenet Component should render correctly 1`] = `ShallowWrapper {}`;

exports[`elements contained in CalendarBoard component should render correctly 1`] = `ShallowWrapper {}`;
